// Jest Snapshot v1, https://goo.gl/fbAQLP

exports[`Snapshot Home 1`] = `
<div>
  <div>
    <h1
      class="text-red-500"
    >
      Home Page
    </h1>
    <img
      alt="img"
      data-nimg="1"
      decoding="async"
      height="40"
      loading="lazy"
      src="/_next/image?url=%2Fimg.jpg&w=96&q=75"
      srcset="/_next/image?url=%2Fimg.jpg&w=48&q=75 1x, /_next/image?url=%2Fimg.jpg&w=96&q=75 2x"
      style="color: transparent;"
      width="40"
    />
  </div>
</div>
`;
